// Jest Snapshot v1, https://goo.gl/fbAQLP

exports[`that DOM renders consistently 1`] = `
<div
  className="App"
>
  <h1>
    Click the button to count
  </h1>
  <button
    className="button"
    data-testid="counter-butt"
    onClick={[Function]}
  >
    0
  </button>
</div>
`;
